// Jest Snapshot v1, https://goo.gl/fbAQLP

exports[`SideSheet Matches snapshot 1`] = `
<DocumentFragment>
  .c2 {
  margin: 0;
  color: var(--eds_heading__h2_color,rgba(61,61,61,1));
  font-family: Equinor;
  font-size: 1.750rem;
  font-weight: 400;
  line-height: 1.250em;
  text-align: left;
}

.c4 {
  display: grid;
  grid-gap: var(--eds_button__gap,8px);
  grid-auto-flow: column;
  -webkit-align-items: center;
  -webkit-box-align: center;
  -ms-flex-align: center;
  align-items: center;
  height: 100%;
  -webkit-box-pack: center;
  -webkit-justify-content: center;
  -ms-flex-pack: center;
  justify-content: center;
}

.c4 > :is(svg,img) {
  margin-top: var(--eds_button__icon__margin_y,0);
  margin-bottom: var(--eds_button__icon__margin_y,0);
}

.c3 {
  box-sizing: border-box;
  margin: 0;
  padding: 0;
  -webkit-text-decoration: none;
  text-decoration: none;
  position: relative;
  cursor: pointer;
  display: inline-block;
  background: transparent;
  height: 40px;
  width: 40px;
  padding-left: 0;
  padding-top: var(--eds_button__padding_y,0);
  padding-right: 0;
  padding-bottom: var(--eds_button__padding_y,0);
  border: 0px solid transparent;
  border-radius: 50%;
  margin: 0;
  color: var(--eds_interactive_primary__resting,rgba(0,112,121,1));
  font-family: Equinor;
  font-size: var(--eds_button__font_size,0.875rem);
  font-weight: 500;
  line-height: 1.143em;
  text-align: center;
}

.c3 svg {
  justify-self: center;
}

.c3::before {
  position: absolute;
  top: 0;
  left: 0;
  width: auto;
  min-height: auto;
  content: '';
}

.c3::after {
  position: absolute;
  top: -0;
  left: -4px;
  width: 48px;
  height: 48px;
  content: '';
}

.c3:focus {
  outline: none;
}

.c3[data-focus-visible-added]:focus {
  outline: 2px dashed rgba(0,112,121,1);
  outline-offset: -2px;
}

.c3:focus-visible {
  outline: 2px dashed rgba(0,112,121,1);
  outline-offset: -2px;
}

.c3::-moz-focus-inner {
  border: 0;
}

.c3:disabled,
.c3[aria-disabled='true'] {
  cursor: not-allowed;
  background: transparent;
  border: 1px solid transparent;
  margin: 0;
  color: var(--eds_interactive__disabled__text,rgba(190,190,190,1));
  font-family: Equinor;
  font-size: 0.875rem;
  font-weight: 500;
  line-height: 1.143em;
  text-align: center;
}

.c0 {
  height: 100%;
  position: absolute;
  z-index: 1200;
  top: 0;
  right: 0;
  box-sizing: border-box;
  background: var(--eds_ui_background__default,rgba(255,255,255,1));
  width: 480px;
  border-left: 2px solid var(--eds_ui_background__light,rgba(247,247,247,1));
  padding-left: 14px;
  padding-top: 16px;
  padding-right: 16px;
  margin: 0;
  color: var(--eds_paragraph__body_short_color,rgba(61,61,61,1));
  font-family: Equinor;
  font-size: 1.000rem;
  font-weight: 400;
  line-height: 1.250em;
  text-align: left;
}

.c1 {
  display: -webkit-box;
  display: -webkit-flex;
  display: -ms-flexbox;
  display: flex;
  -webkit-flex-wrap: nowrap;
  -ms-flex-wrap: nowrap;
  flex-wrap: nowrap;
  -webkit-box-pack: justify;
  -webkit-justify-content: space-between;
  -ms-flex-pack: justify;
  justify-content: space-between;
  -webkit-align-items: center;
  -webkit-box-align: center;
  -ms-flex-align: center;
  align-items: center;
  padding-bottom: 24px;
  padding-right: 10px;
}

@media (hover:hover) and (pointer:fine) {
  .c3:hover {
    background: var(--eds_interactive_primary__hover_alt,rgba(222,237,238,1));
    border: 0px solid transparent;
    border-radius: 50%;
  }
}

@media (hover:hover) and (pointer:fine) {
  .c3:disabled:hover,
  .c3[aria-disabled='true']:hover {
    background: transparent;
  }
}

<div
    class="c0"
    width="480px"
  >
    <div
      class="c1"
    >
      <h2
        class="c2"
      >
        Title
      </h2>
      <button
        aria-label="Close sidesheet"
        class="c3"
        tabindex="0"
        title="Close"
        type="button"
      >
        <span
          class="c4"
        >
          <svg
            aria-hidden="true"
            class=""
            fill="currentColor"
            height="24px"
            viewBox="0 0 24 24"
            width="24px"
            xmlns="http://www.w3.org/2000/svg"
          >
            <path
              class=""
              clip-rule="evenodd"
              d="M19 6.41 17.59 5 12 10.59 6.41 5 5 6.41 10.59 12 5 17.59 6.41 19 12 13.41 17.59 19 19 17.59 13.41 12 19 6.41Z"
              data-testid="eds-icon-path"
              fill-rule="evenodd"
              height="24"
            />
          </svg>
        </span>
      </button>
    </div>
  </div>
</DocumentFragment>
`;
