// Jest Snapshot v1, https://goo.gl/fbAQLP

exports[`Table Matches snapshot 1`] = `[Function]`;
