// Jest Snapshot v1, https://goo.gl/fbAQLP

exports[`TopBar Matches snapshot 1`] = `[Function]`;
