// Jest Snapshot v1, https://goo.gl/fbAQLP

exports[`Breadcrumbs Matches snapshot 1`] = `
<DocumentFragment>
  .c2 {
  margin: 0;
  color: var(--eds_paragraph__body_short_color, rgba(61, 61, 61, 1));
  font-family: Equinor;
  font-size: 1.000rem;
  font-weight: 400;
  line-height: 1.250em;
  text-align: left;
}

.c0 {
  list-style: none;
  display: flex;
  gap: 0.45em 0;
  align-items: center;
  padding: 0;
  margin: 0;
  flex-wrap: wrap;
}

.c1 {
  display: block;
  min-width: 30px;
}

.c4 {
  color: var(--eds_text__static_icons__tertiary, rgba(111, 111, 111, 1));
  padding-left: 16px;
  padding-right: 16px;
  display: block;
  line-height: 1;
  display: flex;
}

.c4>svg {
  margin-inline: -9px;
}

.c3 {
  white-space: nowrap;
  overflow: hidden;
  text-overflow: ellipsis;
  display: block;
  line-height: 1;
  text-decoration: none;
  color: var(--eds_text__static_icons__tertiary, rgba(111, 111, 111, 1));
  width: 100%;
}

@media (hover:hover) and (pointer:fine) {
  .c3:hover {
    text-decoration: underline;
    color: var(--eds_interactive_primary__resting, rgba(0, 112, 121, 1));
    cursor: pointer;
  }
}

<nav
    aria-label="breadcrumbs"
  >
    <ol
      class="c0"
    >
      <li
        class="c1"
      >
        <span
          class="c2 c3"
        >
          Label 1
        </span>
      </li>
      <li
        aria-hidden="true"
      >
        <p
          class="c2 c4"
        >
          /
        </p>
      </li>
      <li
        class="c1"
      >
        <span
          class="c2 c3"
        >
          Label 2
        </span>
      </li>
      <li
        aria-hidden="true"
      >
        <p
          class="c2 c4"
        >
          /
        </p>
      </li>
      <li
        class="c1"
      >
        <span
          class="c2 c3"
        >
          Label 3
        </span>
      </li>
    </ol>
  </nav>
</DocumentFragment>
`;
