// Jest Snapshot v1, https://goo.gl/fbAQLP

exports[`Pagination Matches snapshot 1`] = `
<DocumentFragment>
  .c4 {
  display: grid;
  grid-gap: var(--eds_button__gap,8px);
  grid-auto-flow: column;
  align-items: center;
  height: 100%;
  justify-content: center;
}

.c4>:is(svg,img) {
  margin-top: var(--eds_button__icon__margin_y,0);
  margin-bottom: var(--eds_button__icon__margin_y,0);
}

.c3 {
  box-sizing: border-box;
  margin: 0;
  padding: 0;
  text-decoration: none;
  position: relative;
  cursor: pointer;
  display: inline-block;
  background: transparent;
  height: 40px;
  width: 40px;
  padding-left: 0;
  padding-top: var(--eds_button__padding_y, 0);
  padding-right: 0;
  padding-bottom: var(--eds_button__padding_y, 0);
  border: 0px solid transparent;
  border-radius: 50%;
  margin: 0;
  color: var(--eds_interactive_primary__resting, rgba(0, 112, 121, 1));
  font-family: Equinor;
  font-size: var(--eds_button__font_size, 0.875rem);
  font-weight: 500;
  line-height: 1.143em;
  text-align: center;
}

.c3 svg {
  justify-self: center;
}

.c3::after {
  position: absolute;
  top: -4px;
  left: -4px;
  width: 48px;
  height: 48px;
  content: '';
}

.c3:focus {
  outline: none;
}

.c3[data-focus-visible-added]:focus {
  outline: 2px dashed rgba(0, 112, 121, 1);
  outline-offset: -2px;
}

.c3:focus-visible {
  outline: 2px dashed rgba(0, 112, 121, 1);
  outline-offset: -2px;
}

.c3::-moz-focus-inner {
  border: 0;
}

.c3:disabled,
.c3[aria-disabled='true'] {
  cursor: not-allowed;
  background: transparent;
  border: 1px solid transparent;
  margin: 0;
  color: var(--eds_interactive__disabled__text, rgba(190, 190, 190, 1));
  font-family: Equinor;
  font-size: 0.875rem;
  font-weight: 500;
  line-height: 1.143em;
  text-align: center;
}

.c5 {
  transform: none;
}

.c0 {
  display: flex;
  justify-content: space-between;
  align-items: center;
  flex-wrap: nowrap;
  margin-left: 0;
}

.c1 {
  list-style: none;
  margin: 0;
  padding: 0;
  display: grid;
  grid-gap: 8px;
  grid-auto-flow: column;
}

.c2 {
  display: inline-grid;
}

@media (hover:hover) and (pointer:fine) {
  .c3:hover {
    background: var(--eds_interactive_primary__hover_alt, rgba(222, 237, 238, 1));
    border: 0px solid transparent;
    border-radius: 50%;
  }
}

@media (hover:hover) and (pointer:fine) {
  .c3:disabled:hover,
  .c3[aria-disabled='true']:hover {
    background: transparent;
  }
}

<nav
    aria-label="pagination"
    class="c0"
  >
    <ol
      class="c1"
      style="grid-template-columns: repeat(3, 48px);"
    >
      <li
        class="c2"
      >
        <button
          aria-label="Go to previous page"
          class="c3"
          disabled=""
          tabindex="-1"
          type="button"
        >
          <span
            class="c4"
          >
            <svg
              aria-hidden="true"
              class="c5"
              fill="currentColor"
              height="24px"
              viewBox="0 0 24 24"
              width="24px"
              xmlns="http://www.w3.org/2000/svg"
            >
              <path
                class=""
                clip-rule="evenodd"
                d="M15.705 16.59 11.125 12l4.58-4.59L14.295 6l-6 6 6 6z"
                data-testid="eds-icon-path"
                fill-rule="evenodd"
              />
            </svg>
          </span>
        </button>
      </li>
      <li
        class="c2"
      >
        <button
          aria-current="1"
          aria-label="Current page, page 1"
          class="c3"
          tabindex="0"
          type="button"
        >
          <span
            class="c4"
          >
            1
          </span>
        </button>
      </li>
      <li
        class="c2"
      >
        <button
          aria-label="Go to next page"
          class="c3"
          disabled=""
          tabindex="-1"
          type="button"
        >
          <span
            class="c4"
          >
            <svg
              aria-hidden="true"
              class="c5"
              fill="currentColor"
              height="24px"
              viewBox="0 0 24 24"
              width="24px"
              xmlns="http://www.w3.org/2000/svg"
            >
              <path
                class=""
                clip-rule="evenodd"
                d="m8.295 16.59 4.58-4.59-4.58-4.59L9.705 6l6 6-6 6z"
                data-testid="eds-icon-path"
                fill-rule="evenodd"
              />
            </svg>
          </span>
        </button>
      </li>
    </ol>
  </nav>
</DocumentFragment>
`;
