// Jest Snapshot v1, https://goo.gl/fbAQLP

exports[`MultiSelect Matches snapshot 1`] = `
.c0 {
  margin: 0;
  color: rgba(61,61,61,1);
  font-family: Equinor;
  font-size: 1.000rem;
  font-weight: 400;
  line-height: 1.250em;
  text-align: left;
}

.c1 {
  background-color: var(--eds_ui_background__default,rgba(255,255,255,1));
  box-shadow: 0 7px 8px rgba(0,0,0,0.2),0 5px 22px rgba(0,0,0,0.12),0 12px 17px rgba(0,0,0,0.14);
  overflow-y: scroll;
  max-height: 300px;
  padding: 0;
  border-radius: 4px;
  margin-top: 4px;
  position: absolute;
  right: 0;
  left: 0;
  z-index: 50;
}

@media (hover:hover) and (pointer:fine) {

}

@media (hover:hover) and (pointer:fine) {

}

<ul
  aria-labelledby="downshift-0-label"
  class="c0 c1"
  id="downshift-0-menu"
  role="listbox"
/>
`;

exports[`MultiSelect Matches snapshot 2`] = `
.c2 {
  display: grid;
  grid-gap: var(--eds_button__gap,8px);
  grid-auto-flow: column;
  -webkit-align-items: center;
  -webkit-box-align: center;
  -ms-flex-align: center;
  align-items: center;
  height: 100%;
  -webkit-box-pack: center;
  -webkit-justify-content: center;
  -ms-flex-pack: center;
  justify-content: center;
}

.c2 > :is(svg,img) {
  margin-top: var(--eds_button__icon__margin_y,0);
  margin-bottom: var(--eds_button__icon__margin_y,0);
}

.c0 {
  margin: 0;
  padding: 0;
  -webkit-text-decoration: none;
  text-decoration: none;
  position: relative;
  cursor: pointer;
  display: inline-block;
  background: transparent;
  height: 40px;
  width: 40px;
  padding-left: 0;
  padding-top: var(--eds_button__padding_y,0);
  padding-right: 0;
  padding-bottom: var(--eds_button__padding_y,0);
  border: 0px solid transparent;
  border-radius: 50%;
  margin: 0;
  color: var(--eds_interactive_primary__resting,rgba(0,112,121,1));
  font-family: Equinor;
  font-size: var(--eds_button__font_size,0.875rem);
  font-weight: 500;
  line-height: 1.143em;
  text-align: center;
}

.c0 svg {
  justify-self: center;
}

.c0::before {
  position: absolute;
  top: 0;
  left: 0;
  width: auto;
  min-height: auto;
  content: '';
}

.c0::after {
  position: absolute;
  top: -0;
  left: -4px;
  width: 48px;
  height: 48px;
  content: '';
}

.c0:focus {
  outline: none;
}

.c0[data-focus-visible-added]:focus {
  outline: 2px dashed rgba(0,112,121,1);
  outline-offset: -2px;
}

.c0:focus-visible {
  outline: 2px dashed rgba(0,112,121,1);
  outline-offset: -2px;
}

.c0::-moz-focus-inner {
  border: 0;
}

.c0:disabled {
  cursor: not-allowed;
  background: transparent;
  border: 1px solid transparent;
  margin: 0;
  color: var(--eds_interactive__disabled__text,rgba(190,190,190,1));
  font-family: Equinor;
  font-size: 0.875rem;
  font-weight: 500;
  line-height: 1.143em;
  text-align: center;
}

.c1 {
  position: absolute;
  right: 8px;
  height: 24px;
  width: 24px;
  top: 6px;
  color: var(--eds_text__static_icons__tertiary,rgba(111,111,111,1));
}

@media (hover:hover) and (pointer:fine) {
  .c0:hover {
    background: var(--eds_interactive_primary__hover_alt,rgba(222,237,238,1));
    border: 0px solid transparent;
    border-radius: 50%;
  }
}

@media (hover:hover) and (pointer:fine) {
  .c0:disabled:hover {
    background: transparent;
  }
}

<button
  aria-label="toggle options"
  class="c0 c1"
  id="downshift-0-toggle-button"
  tabindex="-1"
  title="open"
  type="button"
>
  <span
    class="c2"
  >
    <svg
      aria-hidden="true"
      class=""
      fill="currentColor"
      height="24px"
      viewBox="0 0 24 24"
      width="24px"
      xmlns="http://www.w3.org/2000/svg"
    >
      <path
        class=""
        clip-rule="evenodd"
        d="m7 9.5 5 5 5-5H7z"
        data-testid="eds-icon-path"
        fill-rule="evenodd"
        height="24"
      />
    </svg>
  </span>
</button>
`;
