// Jest Snapshot v1, https://goo.gl/fbAQLP

exports[`Typography Matches snapshot 1`] = `
<DocumentFragment>
  .c0 {
  margin: 0;
  color: rgba(61,61,61,1);
  font-family: Equinor;
  font-size: 1.000rem;
  font-weight: 400;
  line-height: 1.250em;
  text-align: left;
  color: var(--eds_interactive_primary__resting,rgba(0,112,121,1));
}

<p
    class="c0"
    color="primary"
  >
    Test
  </p>
</DocumentFragment>
`;
