// Jest Snapshot v1, https://goo.gl/fbAQLP

exports[`Typography Matches snapshot 1`] = `[Function]`;
