// Jest Snapshot v1, https://goo.gl/fbAQLP

exports[`Accordion Matches snapshot 1`] = `
<DocumentFragment>
  .c2 {
  transform: none;
}

.c4 {
  display: -webkit-box;
  -webkit-line-clamp: 1;
  -webkit-box-orient: vertical;
  flex-grow: 1;
  overflow: hidden;
  text-align: left;
  color: var(--eds_interactive_primary__resting, rgba(0, 112, 121, 1));
}

.c0 {
  margin: 0;
  padding: 0;
  height: 48px;
  box-sizing: border-box;
  display: flex;
  flex-wrap: nowrap;
  justify-content: space-between;
  background-color: var(--eds_ui_background__default, rgba(255, 255, 255, 1));
  border: 1px solid var(--eds_ui_background__medium, rgba(220, 220, 220, 1));
  color: var(--eds_ui__accordion_header_color, rgba(61, 61, 61, 1));
  cursor: pointer;
}

.c1 {
  margin: 0;
  color: var(--eds_ui__accordion_header_color, rgba(61, 61, 61, 1));
  font-family: Equinor;
  font-size: 1.000rem;
  font-weight: 500;
  line-height: 1.500em;
  text-align: left;
  padding-left: 16px;
  padding-right: 16px;
  border: 0;
  background-color: transparent;
  margin: 0;
  display: flex;
  align-items: center;
  flex-grow: 1;
  color: var(--eds_ui__accordion_header_color, rgba(61, 61, 61, 1));
  cursor: pointer;
}

.c1[data-focus-visible-added]:focus {
  outline: 2px dashed var(--eds_interactive__focus, rgba(0, 112, 121, 1));
  outline-offset: 2px;
}

.c1:focus-visible {
  outline: 2px dashed var(--eds_interactive__focus, rgba(0, 112, 121, 1));
  outline-offset: 2px;
}

.c1 >svg {
  color: var(--eds_text__static_icons__default, rgba(61, 61, 61, 1));
}

.c3 {
  flex-shrink: 0;
  margin-right: 32px;
}

.c5 {
  border: 1px solid var(--eds_ui_background__medium, rgba(220, 220, 220, 1));
  border-top: 0;
  padding-left: 16px;
  padding-top: 16px;
  padding-right: 16px;
  padding-bottom: 16px;
  margin: 0;
  color: var(--eds_input__text_color, rgba(0, 0, 0, 1));
  font-family: Equinor;
  font-size: 1.000rem;
  font-weight: 400;
  line-height: 1.500em;
  letter-spacing: 0.025em;
  text-align: left;
  background: var(--eds_ui_background__default, rgba(255, 255, 255, 1));
  min-height: 96px;
  box-sizing: border-box;
}

@media (hover:hover) and (pointer:fine) {
  .c0:hover {
    background: var(--eds_ui_background__light, rgba(247, 247, 247, 1));
  }
}

<div>
    <div>
      <h2
        class="c0"
      >
        <button
          aria-controls="eds-accordion-12345-panel-1"
          aria-expanded="true"
          class="c1"
          data-testid="header1"
          tabindex="0"
          type="button"
        >
          <svg
            aria-hidden="true"
            class="c2 c3"
            fill="var(--eds_interactive_primary__resting, rgba(0, 112, 121, 1))"
            height="24px"
            viewBox="0 0 24 24"
            width="24px"
            xmlns="http://www.w3.org/2000/svg"
          >
            <path
              class=""
              clip-rule="evenodd"
              d="m7.41 15.705 4.59-4.58 4.59 4.58 1.41-1.41-6-6-6 6 1.41 1.41Z"
              data-testid="eds-icon-path"
              fill-rule="evenodd"
            />
          </svg>
          <span
            class="c4"
          >
            Summary 1
          </span>
        </button>
      </h2>
      <div
        aria-labelledby="eds-accordion-12345-header-1"
        class="c5"
        id="eds-accordion-12345-panel-1"
        role="region"
      >
        Details 1
      </div>
    </div>
  </div>
</DocumentFragment>
`;
