// Jest Snapshot v1, https://goo.gl/fbAQLP

exports[`Snackbar Matches snapshot 1`] = `
.c0 {
  background: var(--eds_ui_background__default, rgba(255, 255, 255, 1));
  box-shadow: 0 1px 10px rgba(0, 0, 0, 0.2),0 4px 5px rgba(0, 0, 0, 0.12),0 2px 4px rgba(0, 0, 0, 0.14);
}

.c1 {
  position: fixed;
  background-color: var(--eds_ui_background__overlay, rgba(0, 0, 0, 0.8));
  padding-left: 16px;
  padding-top: 16px;
  padding-right: 16px;
  padding-bottom: 16px;
  border-radius: 4px;
  margin: 0;
  color: var(--eds_text__static_icons__primary_white, rgba(255, 255, 255, 1));
  font-family: Equinor;
  font-size: 0.750rem;
  font-weight: 500;
  line-height: 1.333em;
  text-align: left;
  min-height: 48px;
  box-sizing: border-box;
  z-index: 1400;
  bottom: 16px;
  left: 50%;
  transform: translateX(-50%);
}

.c1 a,
.c1 button {
  color: var(--eds_interactive__link_in_snackbars, rgba(151, 202, 206, 1));
}

<div
  class="c0 c1"
  role="alert"
>
  snacks
</div>
`;
