// Jest Snapshot v1, https://goo.gl/fbAQLP

exports[`TextField Matches snapshot 1`] = `[Function]`;
