// Jest Snapshot v1, https://goo.gl/fbAQLP

exports[`Search Matches snapshot 1`] = `
<DocumentFragment>
  .c5 {
  display: grid;
  grid-gap: 8px;
  grid-auto-flow: column;
  -webkit-align-items: center;
  -webkit-box-align: center;
  -ms-flex-align: center;
  align-items: center;
  height: 100%;
  -webkit-box-pack: center;
  -webkit-justify-content: center;
  -ms-flex-pack: center;
  justify-content: center;
}

.c3 {
  margin: 0;
  padding: 0;
  -webkit-text-decoration: none;
  text-decoration: none;
  position: relative;
  cursor: pointer;
  display: inline-block;
  background: transparent;
  height: 48px;
  width: 48px;
  padding-left: 0;
  padding-right: 0;
  border: 0px solid transparent;
  border-radius: 50%;
  margin: 0;
  color: var(--eds_interactive_primary__resting,rgba(0,112,121,1));
  font-family: Equinor;
  font-size: 0.875rem;
  font-weight: 500;
  line-height: 1.143em;
  text-align: center;
}

.c3 svg {
  justify-self: center;
}

.c3::before {
  position: absolute;
  top: 0;
  left: 0;
  width: auto;
  min-height: auto;
  content: '';
}

.c3::after {
  position: absolute;
  top: -0;
  left: -0px;
  width: 48px;
  height: 48px;
  content: '';
}

.c3:focus {
  outline: none;
}

.c3[data-focus-visible-added]:focus {
  outline: 1px dashed rgba(0,112,121,1);
  outline-offset: 0px;
}

.c3:focus-visible {
  outline: 1px dashed rgba(0,112,121,1);
  outline-offset: 0px;
}

.c3::-moz-focus-inner {
  border: 0;
}

.c3:disabled {
  cursor: not-allowed;
  background: transparent;
  border: 1px solid transparent;
  margin: 0;
  color: var(--eds_interactive__disabled__text,rgba(190,190,190,1));
  font-family: Equinor;
  font-size: 0.875rem;
  font-weight: 500;
  line-height: 1.143em;
  text-align: center;
}

.c1 {
  width: 100%;
  box-sizing: border-box;
  margin: 0;
  -webkit-appearance: none;
  -moz-appearance: none;
  appearance: none;
  background: var(--eds_ui_background__light,rgba(247,247,247,1));
  border: none;
  height: 36px;
  box-shadow: inset 0px -1px 0px 0px var(--eds_text__static_icons__tertiary,rgba(111,111,111,1));
  outline: 1px solid transparent;
  outline-offset: 0px;
  margin: 0;
  color: var(--eds_text__static_icons__default,rgba(61,61,61,1));
  font-family: Equinor;
  font-size: 1.000rem;
  font-weight: 400;
  line-height: 1.500em;
  -webkit-letter-spacing: 0.025em;
  -moz-letter-spacing: 0.025em;
  -ms-letter-spacing: 0.025em;
  letter-spacing: 0.025em;
  text-align: left;
  padding-left: 8px;
  padding-top: 6px;
  padding-right: 8px;
  padding-bottom: 6px;
}

.c1::-webkit-input-placeholder {
  color: var(--eds_text__static_icons__tertiary,rgba(111,111,111,1));
}

.c1::-moz-placeholder {
  color: var(--eds_text__static_icons__tertiary,rgba(111,111,111,1));
}

.c1:-ms-input-placeholder {
  color: var(--eds_text__static_icons__tertiary,rgba(111,111,111,1));
}

.c1::placeholder {
  color: var(--eds_text__static_icons__tertiary,rgba(111,111,111,1));
}

.c1:active,
.c1:focus {
  outline-offset: 0;
  box-shadow: none;
  outline: 2px solid var(--eds_interactive_primary__resting,rgba(0,112,121,1));
  outline-offset: 0px;
}

.c1:disabled {
  color: var(--eds_interactive__disabled__text,rgba(190,190,190,1));
  cursor: not-allowed;
  box-shadow: none;
  outline: none;
}

.c1:disabled:focus,
.c1:disabled:active {
  outline: none;
}

.c1[readOnly] {
  background: transparent;
  box-shadow: none;
}

.c0 {
  position: relative;
  background: var(--eds_ui_background__light,rgba(247,247,247,1));
  width: 100%;
  height: 36px;
  display: grid;
  grid-gap: 8px;
  grid-auto-flow: column;
  grid-auto-columns: max-content auto max-content;
  -webkit-align-items: center;
  -webkit-box-align: center;
  -ms-flex-align: center;
  align-items: center;
  box-sizing: border-box;
  border: 1px solid transparent;
  z-index: 0;
  padding-left: 8px;
  padding-right: 8px;
}

.c0 svg {
  fill: var(--eds_text__static_icons__tertiary,rgba(111,111,111,1));
}

.c0::-webkit-input-placeholder {
  color: var(--eds_text__static_icons__tertiary,rgba(111,111,111,1));
}

.c0::-moz-placeholder {
  color: var(--eds_text__static_icons__tertiary,rgba(111,111,111,1));
}

.c0:-ms-input-placeholder {
  color: var(--eds_text__static_icons__tertiary,rgba(111,111,111,1));
}

.c0::placeholder {
  color: var(--eds_text__static_icons__tertiary,rgba(111,111,111,1));
}

.c0::after {
  z-index: -1;
  position: absolute;
  top: -top:6px;
  left: 0;
  width: 100%;
  height: 48px;
  content: '';
}

.c0::before {
  position: absolute;
  top: 0;
  left: 0;
  width: auto;
  min-height: auto;
  content: '';
}

.c2 {
  height: calc(36px - 2px);
  -webkit-align-self: start;
  -ms-flex-item-align: start;
  align-self: start;
  box-shadow: unset;
  margin: 0;
  color: rgba(0,0,0,1);
  font-family: Equinor;
  font-size: 1.000rem;
  font-weight: 400;
  line-height: 1.500em;
  -webkit-letter-spacing: 0.025em;
  -moz-letter-spacing: 0.025em;
  -ms-letter-spacing: 0.025em;
  letter-spacing: 0.025em;
  text-align: left;
}

.c2[type='search']::-webkit-search-decoration,
.c2[type='search']::-webkit-search-cancel-button,
.c2[type='search']::-webkit-search-results-button,
.c2[type='search']::-webkit-search-results-decoration {
  -webkit-appearance: none;
}

.c2:focus {
  outline: none;
}

.c4 {
  visibility: hidden;
  position: absolute;
  right: 8px;
  height: 24px;
  width: 24px;
}

@media (hover:hover) and (pointer:fine) {
  .c3:hover {
    background: var(--eds_interactive_primary__hover_alt,rgba(222,237,238,1));
    border: 0px solid transparent;
    border-radius: 50%;
  }
}

@media (hover:hover) and (pointer:fine) {
  .c3:disabled:hover {
    background: transparent;
  }
}

@media (hover:hover) and (pointer:fine) {
  .c0:hover {
    border: 1px solid var(--eds_interactive_primary__resting,rgba(0,112,121,1));
    cursor: text;
  }
}

<span
    class="c0"
    role="search"
  >
    <svg
      aria-hidden="true"
      class="Icon__StyledSvg-sc-6evbi1-0"
      fill="currentColor"
      height="24px"
      viewBox="0 0 24 24"
      width="24px"
      xmlns="http://www.w3.org/2000/svg"
    >
      <path
        class="Icon__StyledPath-sc-6evbi1-1"
        clip-rule="evenodd"
        d="M14.966 14.255h.79l4.99 5-1.49 1.49-5-4.99v-.79l-.27-.28a6.471 6.471 0 0 1-4.23 1.57 6.5 6.5 0 1 1 6.5-6.5c0 1.61-.59 3.09-1.57 4.23l.28.27zm-9.71-4.5c0 2.49 2.01 4.5 4.5 4.5s4.5-2.01 4.5-4.5-2.01-4.5-4.5-4.5-4.5 2.01-4.5 4.5z"
        data-testid="eds-icon-path"
        fill-rule="evenodd"
        height="24"
      />
    </svg>
    <input
      aria-label="search input"
      class="c1 c2"
      role="searchbox"
      type="search"
      value=""
    />
    <button
      aria-label="clear search"
      class="c3 c4"
      tabindex="0"
      title="clear"
      type="button"
    >
      <span
        class="c5"
      >
        <svg
          aria-hidden="true"
          class="Icon__StyledSvg-sc-6evbi1-0"
          fill="currentColor"
          height="16px"
          viewBox="0 0 16 16"
          width="16px"
          xmlns="http://www.w3.org/2000/svg"
        >
          <path
            class="Icon__StyledPath-sc-6evbi1-1"
            clip-rule="evenodd"
            d="M19 6.41 17.59 5 12 10.59 6.41 5 5 6.41 10.59 12 5 17.59 6.41 19 12 13.41 17.59 19 19 17.59 13.41 12 19 6.41z"
            data-testid="eds-icon-path"
            fill-rule="evenodd"
            height="24"
            transform="scale(0.6666666666666666)"
          />
        </svg>
      </span>
    </button>
  </span>
</DocumentFragment>
`;
