// Jest Snapshot v1, https://goo.gl/fbAQLP

exports[`DotProgress Matches snapshot 1`] = `
<DocumentFragment>
  .c0 {
  fill: var(--eds_interactive__icon_on_interactive_colors, rgba(255, 255, 255, 1));
}

.c0 circle:nth-child(1) {
  animation: jkwjQg 1s ease infinite;
}

.c0 circle:nth-child(2) {
  animation: jkwjQg 1s ease 0.2s infinite;
}

.c0 circle:nth-child(3) {
  animation: jkwjQg 1s ease 0.4s infinite;
}

<svg
    class="c0"
    color="var(--eds_interactive__icon_on_interactive_colors, rgba(255, 255, 255, 1))"
    height="8"
    preserveAspectRatio="xMidYMid meet"
    role="progressbar"
    viewBox="0 0 16 4"
    width="32"
  >
    <circle
      cx="2"
      cy="2"
      r="2"
    />
    <circle
      cx="8"
      cy="2"
      r="2"
    />
    <circle
      cx="14"
      cy="2"
      r="2"
    />
  </svg>
</DocumentFragment>
`;
