// Jest Snapshot v1, https://goo.gl/fbAQLP

exports[`Icon Matches snapshot using data 1`] = `
<DocumentFragment>
  <svg
    aria-hidden="true"
    class=""
    fill="currentColor"
    height="24px"
    viewBox="0 0 24 24"
    width="24px"
    xmlns="http://www.w3.org/2000/svg"
  >
    <path
      class=""
      clip-rule="evenodd"
      d="M5 3h12l4 4v12c0 1.1-.9 2-2 2H5a2 2 0 0 1-2-2V5a2 2 0 0 1 2-2Zm14 16V7.83L16.17 5H5v14h14Zm-7-7c-1.66 0-3 1.34-3 3s1.34 3 3 3 3-1.34 3-3-1.34-3-3-3Zm3-6H6v4h9V6Z"
      data-testid="eds-icon-path"
      fill-rule="evenodd"
    />
  </svg>
</DocumentFragment>
`;

exports[`Icon Matches snapshot using name  1`] = `
<DocumentFragment>
  <svg
    aria-hidden="true"
    class=""
    fill="currentColor"
    height="24px"
    viewBox="0 0 24 24"
    width="24px"
    xmlns="http://www.w3.org/2000/svg"
  >
    <path
      class=""
      clip-rule="evenodd"
      d="M5 3h12l4 4v12c0 1.1-.9 2-2 2H5a2 2 0 0 1-2-2V5a2 2 0 0 1 2-2Zm14 16V7.83L16.17 5H5v14h14Zm-7-7c-1.66 0-3 1.34-3 3s1.34 3 3 3 3-1.34 3-3-1.34-3-3-3Zm3-6H6v4h9V6Z"
      data-testid="eds-icon-path"
      fill-rule="evenodd"
    />
  </svg>
</DocumentFragment>
`;
