// Jest Snapshot v1, https://goo.gl/fbAQLP

exports[`Search Matches snapshot 1`] = `
<DocumentFragment>
  .c0 {
  --eds-input-adornment-color: var(--eds_text__static_icons__tertiary,rgba(111,111,111,1));
  --eds-input-color: var(--eds_text__static_icons__default,rgba(61,61,61,1));
  position: relative;
  height: 36px;
  width: 100%;
  display: -webkit-box;
  display: -webkit-flex;
  display: -ms-flexbox;
  display: flex;
  -webkit-flex-direction: row;
  -ms-flex-direction: row;
  flex-direction: row;
  border: none;
  box-sizing: border-box;
  box-shadow: inset 0px -1px 0px 0px var(--eds_text__static_icons__tertiary,rgba(111,111,111,1));
  background: var(--eds-input-background,var(--eds_ui_background__light,rgba(247,247,247,1)));
  outline: 1px solid transparent;
  outline-offset: 0px;
}

.c0:focus-within {
  box-shadow: none;
  outline: 2px solid var(--eds_interactive_primary__resting,rgba(0,112,121,1));
  outline-offset: 0px;
}

.c0 > input {
  overflow: hidden;
  white-space: nowrap;
  text-overflow: ellipsis;
}

.c4 {
  width: 100%;
  border: none;
  background: transparent;
  padding-left: 40px;
  padding-top: 6px;
  padding-right: 40px;
  padding-bottom: 6px;
  font-family: Equinor;
  font-size: 1.000rem;
  font-weight: 400;
  -webkit-letter-spacing: 0.025em;
  -moz-letter-spacing: 0.025em;
  -ms-letter-spacing: 0.025em;
  letter-spacing: 0.025em;
  line-height: 1.500em;
  outline: none;
  padding-left: 40px;
  padding-right: 40px;
}

.c4::-webkit-input-placeholder {
  color: var(--eds_text__static_icons__tertiary,rgba(111,111,111,1));
}

.c4::-moz-placeholder {
  color: var(--eds_text__static_icons__tertiary,rgba(111,111,111,1));
}

.c4:-ms-input-placeholder {
  color: var(--eds_text__static_icons__tertiary,rgba(111,111,111,1));
}

.c4::placeholder {
  color: var(--eds_text__static_icons__tertiary,rgba(111,111,111,1));
}

.c4:disabled {
  color: var(--eds-input-color);
  cursor: not-allowed;
}

.c2 {
  position: absolute;
  top: 6px;
  bottom: 6px;
  display: -webkit-box;
  display: -webkit-flex;
  display: -ms-flexbox;
  display: flex;
  -webkit-align-items: center;
  -webkit-box-align: center;
  -ms-flex-align: center;
  align-items: center;
  font-family: Equinor;
  font-size: 0.750rem;
  font-weight: 500;
  line-height: 1.333em;
  color: var(--eds-input-adornment-color);
}

.c3 {
  left: 0;
  padding-left: 8px;
}

.c5 {
  right: 0;
  padding-right: 8px;
}

.c1 input[type='search']::-webkit-search-decoration,.c1 input[type='search']::-webkit-search-cancel-button,.c1 input[type='search']::-webkit-search-results-button,.c1 input[type='search']::-webkit-search-results-decoration {
  -webkit-appearance: none;
}

<div
    class=""
    role="search"
  >
    <div
      class="c0 c1"
    >
      <div
        class="c2 c3"
      >
        <svg
          aria-hidden="true"
          class=""
          fill="currentColor"
          height="18px"
          viewBox="0 0 18 18"
          width="18px"
          xmlns="http://www.w3.org/2000/svg"
        >
          <path
            class=""
            clip-rule="evenodd"
            d="M11.224 10.691h.592l3.743 3.75-1.118 1.118-3.75-3.743v-.592l-.202-.21a4.853 4.853 0 0 1-3.173 1.177 4.875 4.875 0 1 1 4.875-4.875 4.853 4.853 0 0 1-1.177 3.173l.21.202zM3.94 7.316a3.37 3.37 0 0 0 3.375 3.375 3.37 3.37 0 0 0 3.375-3.375 3.37 3.37 0 0 0-3.375-3.375 3.37 3.37 0 0 0-3.375 3.375z"
            data-testid="eds-icon-path"
            fill-rule="evenodd"
            height="18"
          />
        </svg>
      </div>
      <input
        class="c4"
        style="resize: none;"
        type="text"
      />
      <div
        class="c2 c5"
      />
    </div>
  </div>
</DocumentFragment>
`;
