// Jest Snapshot v1, https://goo.gl/fbAQLP

exports[`Switch Matches snapshot 1`] = `
<DocumentFragment>
  .c4 {
  width: 40px;
  height: 40px;
  border-radius: 50%;
  position: relative;
  grid-area: input;
}

.c2 {
  -webkit-appearance: none;
  -moz-appearance: none;
  appearance: none;
  width: 100%;
  height: 100%;
  grid-area: input;
  margin: 0;
  position: relative;
  z-index: 1;
  cursor: pointer;
}

.c2:focus {
  outline: none;
}

.c2[data-focus-visible-added]:focus + span {
  outline: 2px dashed var(--eds_interactive__focus,rgba(0,112,121,1));
  outline-offset: 0px;
}

.c2:focus-visible + span {
  outline: 2px dashed var(--eds_interactive__focus,rgba(0,112,121,1));
  outline-offset: 0px;
}

.c1 {
  display: inline-grid;
  vertical-align: middle;
  grid: [input] 1fr / [input] 1fr;
  place-items: center;
  isolation: isolate;
}

.c3 {
  width: 48px;
  aspect-ratio: 1/1;
}

.c3:checked + span > span {
  background-color: var(--eds_interactive_primary__selected_highlight,rgba(230,250,236,1));
}

.c3:checked + span > span:last-child {
  -webkit-transform: translate(105%,-50%);
  -ms-transform: translate(105%,-50%);
  transform: translate(105%,-50%);
  background-color: var(--eds_interactive_primary__resting,rgba(0,112,121,1));
}

.c3:hover + span {
  background-color: var(--eds_interactive_primary__hover_alt,rgba(222,237,238,1));
}

.c3:hover + span > span:last-child {
  background-color: var(--eds_interactive_primary__hover,rgba(0,79,85,1));
}

.c5 {
  border-radius: 4px;
  border: none;
  width: 32px;
  height: 8px;
  background-color: var(--eds_ui_background__medium,rgba(220,220,220,1));
  position: absolute;
  left: 50%;
  top: 50%;
  -webkit-transform: translate(-50%,-50%);
  -ms-transform: translate(-50%,-50%);
  transform: translate(-50%,-50%);
  -webkit-transition: background 0.36s;
  transition: background 0.36s;
}

.c6 {
  background-color: var(--eds_text__static_icons__tertiary,rgba(111,111,111,1));
  box-shadow: 0 1px 5px rgba(0,0,0,0.2),0 3px 4px rgba(0,0,0,0.12),0 2px 4px rgba(0,0,0,0.14);
  width: 16px;
  height: 16px;
  border-radius: 50%;
  display: inline-block;
  position: absolute;
  top: 50%;
  -webkit-transform: translate(0,-50%);
  -ms-transform: translate(0,-50%);
  transform: translate(0,-50%);
  left: 4px;
  -webkit-transition: -webkit-transform 0.36s cubic-bezier(0.78,0.14,0.15,0.86);
  -webkit-transition: transform 0.36s cubic-bezier(0.78,0.14,0.15,0.86);
  transition: transform 0.36s cubic-bezier(0.78,0.14,0.15,0.86);
}

.c0 {
  cursor: pointer;
  border: none;
  background-color: transparent;
  vertical-align: middle;
  display: -webkit-inline-box;
  display: -webkit-inline-flex;
  display: -ms-inline-flexbox;
  display: inline-flex;
  -webkit-align-items: center;
  -webkit-box-align: center;
  -ms-flex-align: center;
  align-items: center;
  position: relative;
  gap: 8px;
}

.c7 {
  margin: 0;
  color: var(--eds_navigation__menu_title_color,rgba(61,61,61,1));
  font-family: Equinor;
  font-size: 1.000rem;
  font-weight: 400;
  line-height: 1.000em;
  -webkit-letter-spacing: 0.013em;
  -moz-letter-spacing: 0.013em;
  -ms-letter-spacing: 0.013em;
  letter-spacing: 0.013em;
  text-align: left;
}

<label
    class="c0"
  >
    <span
      class="c1"
    >
      <input
        class="c2 c3"
        type="checkbox"
      />
      <span
        class="c4"
      >
        <span
          class="c5"
        />
        <span
          class="c6"
        />
      </span>
    </span>
    <span
      class="c7"
    >
      switch
    </span>
  </label>
</DocumentFragment>
`;
