// Jest Snapshot v1, https://goo.gl/fbAQLP

exports[`Combobox Matches snapshot 1`] = `
.c0 {
  margin: 0;
  color: rgba(61,61,61,1);
  font-family: Equinor;
  font-size: 1.000rem;
  font-weight: 400;
  line-height: 1.250em;
  text-align: left;
}

.c1 {
  background-color: var(--eds_ui_background__default,rgba(255,255,255,1));
  box-shadow: 0 7px 8px rgba(0,0,0,0.2),0 5px 22px rgba(0,0,0,0.12),0 12px 17px rgba(0,0,0,0.14);
  border-radius: 4px;
  overflow-y: scroll;
  max-height: 300px;
  padding: 0;
  position: absolute;
  right: 0;
  left: 0;
  z-index: 50;
}

@media (hover:hover) and (pointer:fine) {

}

@media (hover:hover) and (pointer:fine) {

}

<ul
  aria-labelledby="downshift-0-label"
  class="c0 c1"
  id="downshift-0-menu"
  role="listbox"
  style="position: absolute; left: 0px; top: 0px;"
/>
`;
