// Jest Snapshot v1, https://goo.gl/fbAQLP

exports[`Tooltip Matches snapshot 1`] = `
.c0 {
  margin: 0;
  color: var(--eds_text__static_icons__primary_white,rgba(255,255,255,1));
  font-family: Equinor;
  font-size: 0.750rem;
  font-weight: 500;
  line-height: 1.333em;
  text-align: left;
  padding-left: 8px;
  padding-top: 8px;
  padding-right: 8px;
  padding-bottom: 8px;
  border-radius: 4px;
  background: var(--eds_ui_background__overlay,rgba(0,0,0,0.8));
  z-index: 1500;
  white-space: nowrap;
}

.c1 {
  position: absolute;
  width: 6px;
  height: 8px;
  z-index: -1;
}

.c2 {
  width: 6px;
  height: 8px;
  position: absolute;
  fill: var(--eds_ui_background__overlay,rgba(0,0,0,0.8));
}

<div
  class="c0"
  id="floating-ui-0"
  role="tooltip"
  style="position: absolute; top: 14px; left: 8px;"
  tabindex="-1"
>
  Tooltip
  <div
    class="c1"
    style="left: 0px; top: -6px; transform: rotate(90deg);"
  >
    <svg
      class="c2 arrowSvg"
    >
      <path
        d="M0.504838 4.86885C-0.168399 4.48524 -0.168399 3.51476 0.504838 3.13115L6 8.59227e-08L6 8L0.504838 4.86885Z"
      />
    </svg>
  </div>
</div>
`;
