// Jest Snapshot v1, https://goo.gl/fbAQLP

exports[`Autocomplete Matches snapshot 1`] = `
.c0 {
  margin: 0;
  color: var(--eds_paragraph__body_short_color, rgba(61, 61, 61, 1));
  font-family: Equinor;
  font-size: 1.000rem;
  font-weight: 400;
  line-height: 1.250em;
  text-align: left;
}

.c2 {
  display: flex;
  grid-area: 1/-1;
  align-items: center;
  align-self: start;
  margin: 0;
  list-style: none;
  background-color: var(--eds_ui_background__default, rgba(255, 255, 255, 1));
  user-select: none;
  overflow: hidden;
  touch-action: manipulation;
  z-index: 3;
  cursor: default;
  margin: 0;
  color: var(--eds_text__static_icons__default, rgba(61, 61, 61, 1));
  font-family: Equinor;
  font-size: 1.000rem;
  font-weight: 400;
  line-height: 1.000em;
  letter-spacing: 0.013em;
  text-align: left;
  padding-left: 24px;
  padding-top: 0;
  padding-right: 24px;
  padding-bottom: 0;
}

.c3 {
  padding-left: 0;
  padding-top: 16px;
  padding-right: 0;
  padding-bottom: 16px;
  text-overflow: ellipsis;
  white-space: nowrap;
  overflow: hidden;
  overflow-wrap: anywhere;
}

.c1 {
  background-color: var(--eds_ui_background__default, rgba(255, 255, 255, 1));
  box-shadow: 0 7px 8px rgba(0, 0, 0, 0.2),0 5px 22px rgba(0, 0, 0, 0.12),0 12px 17px rgba(0, 0, 0, 0.14);
  border-radius: 4px;
  overflow-y: auto;
  overflow-x: hidden;
  padding: 0;
  display: grid;
}

@media (hover:hover) and (pointer:fine) {

}

@media (hover:hover) and (pointer:fine) {

}

@supports (-moz-appearance:none) {
  .c3 {
    overflow: clip;
  }
}

@supports (-moz-appearance:none) {
  .c1 {
    scrollbar-width: thin;
  }
}

<ul
  aria-labelledby="downshift-:r0:-label"
  class="c0 c1"
  id="downshift-:r0:-menu"
  role="listbox"
  style="max-height: 300px;"
>
  <li
    role="presentation"
    style="height: 144px; margin: 0px; grid-area: 1 / -1;"
  />
  <li
    aria-disabled="false"
    aria-hidden="false"
    aria-posinset="1"
    aria-selected="false"
    aria-setsize="3"
    class="c2"
    data-index="0"
    id="downshift-:r0:-item-0"
    role="option"
    style="transform: translateY(0px); height: 48px;"
  >
    <span
      class="c3"
    >
      One
    </span>
  </li>
  <li
    aria-disabled="false"
    aria-hidden="false"
    aria-posinset="2"
    aria-selected="false"
    aria-setsize="3"
    class="c2"
    data-index="1"
    id="downshift-:r0:-item-1"
    role="option"
    style="transform: translateY(48px); height: 48px;"
  >
    <span
      class="c3"
    >
      Two
    </span>
  </li>
  <li
    aria-disabled="false"
    aria-hidden="false"
    aria-posinset="3"
    aria-selected="false"
    aria-setsize="3"
    class="c2"
    data-index="2"
    id="downshift-:r0:-item-2"
    role="option"
    style="transform: translateY(96px); height: 48px;"
  >
    <span
      class="c3"
    >
      Three
    </span>
  </li>
</ul>
`;
