// Jest Snapshot v1, https://goo.gl/fbAQLP

exports[`Simple slider Matches snapshot 1`] = `
<DocumentFragment>
  <div
    class="Slider__Wrapper-sc-n1grrg-1 hsFqRl"
    id="test"
    style="--min: 0; --max: 100; --value: 0; --background: var(--eds_interactive_primary__resting, rgba(0, 112, 121, 1));"
    value="0"
  >
    <input
      aria-labelledby="test-one"
      aria-valuemax="100"
      aria-valuemin="0"
      aria-valuenow="0"
      aria-valuetext="0"
      class="SliderInput__StyledSliderInput-sc-17orw4f-0 bYtMJz"
      id="test-thumb"
      max="100"
      min="0"
      step="1"
      type="range"
      value="0"
    />
    <output
      class="Output__StyledOutput-sc-1dy945x-0 iTVTZB"
      for="test-thumb"
      style="--val: 0;"
    >
      0
    </output>
    <div
      class="Slider__WrapperGroupLabel-sc-n1grrg-2 Slider__WrapperGroupLabelDots-sc-n1grrg-3 dxpGeL bWXhHZ"
    />
    <span
      class="MinMax__StyledMinMax-sc-lxmlid-0 eDkejB"
    >
      0
    </span>
    <span
      class="MinMax__StyledMinMax-sc-lxmlid-0 eDkejB"
    >
      100
    </span>
  </div>
</DocumentFragment>
`;
