// Jest Snapshot v1, https://goo.gl/fbAQLP

exports[`SingleSelect Matches snapshot 1`] = `
<DocumentFragment>
  .c1 {
  display: -webkit-box;
  display: -webkit-flex;
  display: -ms-flexbox;
  display: flex;
  -webkit-box-pack: justify;
  -webkit-justify-content: space-between;
  -ms-flex-pack: justify;
  justify-content: space-between;
  position: relative;
  margin: 0;
  color: var(--eds_text__static_icons__tertiary,rgba(111,111,111,1));
  font-family: Equinor;
  font-size: 0.750rem;
  font-weight: 500;
  line-height: 1.333em;
  text-align: left;
  margin-left: 8px;
  margin-right: 8px;
  color: var(--eds_text__static_icons__tertiary,rgba(111,111,111,1));
}

.c2 {
  margin: 0;
}

.c4 {
  width: 100%;
  box-sizing: border-box;
  margin: 0;
  -webkit-appearance: none;
  -moz-appearance: none;
  appearance: none;
  background: var(--eds_ui_background__light,rgba(247,247,247,1));
  border: none;
  height: 36px;
  box-shadow: inset 0px -1px 0px 0px var(--eds_text__static_icons__tertiary,rgba(111,111,111,1));
  outline: 1px solid transparent;
  outline-offset: 0px;
  margin: 0;
  color: var(--eds_text__static_icons__default,rgba(61,61,61,1));
  font-family: Equinor;
  font-size: 1.000rem;
  font-weight: 400;
  line-height: 1.500em;
  -webkit-letter-spacing: 0.025em;
  -moz-letter-spacing: 0.025em;
  -ms-letter-spacing: 0.025em;
  letter-spacing: 0.025em;
  text-align: left;
  padding-left: 8px;
  padding-top: 6px;
  padding-right: 8px;
  padding-bottom: 6px;
}

.c4::-webkit-input-placeholder {
  color: var(--eds_text__static_icons__tertiary,rgba(111,111,111,1));
}

.c4::-moz-placeholder {
  color: var(--eds_text__static_icons__tertiary,rgba(111,111,111,1));
}

.c4:-ms-input-placeholder {
  color: var(--eds_text__static_icons__tertiary,rgba(111,111,111,1));
}

.c4::placeholder {
  color: var(--eds_text__static_icons__tertiary,rgba(111,111,111,1));
}

.c4:active,
.c4:focus {
  outline-offset: 0;
  box-shadow: none;
  outline: 2px solid var(--eds_interactive_primary__resting,rgba(0,112,121,1));
  outline-offset: 0px;
}

.c4:disabled {
  color: var(--eds_interactive__disabled__text,rgba(190,190,190,1));
  cursor: not-allowed;
  box-shadow: none;
  outline: none;
}

.c4:disabled:focus,
.c4:disabled:active {
  outline: none;
}

.c9 {
  margin: 0;
  color: rgba(61,61,61,1);
  font-family: Equinor;
  font-size: 1.000rem;
  font-weight: 400;
  line-height: 1.250em;
  text-align: left;
}

.c8 {
  display: grid;
  grid-gap: 8px;
  grid-auto-flow: column;
  -webkit-align-items: center;
  -webkit-box-align: center;
  -ms-flex-align: center;
  align-items: center;
  height: 100%;
  -webkit-box-pack: center;
  -webkit-justify-content: center;
  -ms-flex-pack: center;
  justify-content: center;
}

.c6 {
  margin: 0;
  padding: 0;
  -webkit-text-decoration: none;
  text-decoration: none;
  position: relative;
  cursor: pointer;
  display: inline-block;
  background: transparent;
  height: 48px;
  width: 48px;
  padding-left: 0;
  padding-right: 0;
  border: 0px solid transparent;
  border-radius: 50%;
  margin: 0;
  color: var(--eds_interactive_primary__resting,rgba(0,112,121,1));
  font-family: Equinor;
  font-size: 0.875rem;
  font-weight: 500;
  line-height: 1.143em;
  text-align: center;
}

.c6 svg {
  justify-self: center;
}

.c6::before {
  position: absolute;
  top: 0;
  left: 0;
  width: auto;
  min-height: auto;
  content: '';
}

.c6::after {
  position: absolute;
  top: -0;
  left: -0px;
  width: 48px;
  height: 48px;
  content: '';
}

.c6:hover {
  background: var(--eds_interactive_primary__hover_alt,rgba(222,237,238,1));
  border: 0px solid transparent;
  border-radius: 50%;
}

.c6:focus {
  outline: none;
}

.c6[data-focus-visible-added]:focus {
  outline: 1px dashed rgba(0,112,121,1);
  outline-offset: 2px;
}

.c6::-moz-focus-inner {
  border: 0;
}

.c6:disabled {
  cursor: not-allowed;
  background: transparent;
  border: 1px solid transparent;
  margin: 0;
  color: var(--eds_interactive__disabled__text,rgba(190,190,190,1));
  font-family: Equinor;
  font-size: 0.875rem;
  font-weight: 500;
  line-height: 1.143em;
  text-align: center;
}

.c6:disabled:hover {
  background: transparent;
}

.c0 {
  position: relative;
}

.c5 {
  padding-right: calc( 24px + 8px + 8px + 0px );
}

.c10 {
  background-color: var(--eds_ui_background__default,rgba(255,255,255,1));
  box-shadow: 0 7px 8px rgba(0,0,0,0.2),0 5px 22px rgba(0,0,0,0.12),0 12px 17px rgba(0,0,0,0.14);
  overflow-y: scroll;
  max-height: 300px;
  padding: 0;
  border-radius: 4px;
  margin-top: 4px;
  position: absolute;
  right: 0;
  left: 0;
  z-index: 50;
}

.c7 {
  position: absolute;
  right: 8px;
  height: 24px;
  width: 24px;
  top: 6px;
}

.c3 {
  position: relative;
}

<div
    class="c0"
  >
    <label
      class="c1"
      for="downshift-0-input"
      id="downshift-0-label"
    >
      <span
        class="c2"
      >
        Select label test
      </span>
    </label>
    <div
      aria-expanded="false"
      aria-haspopup="listbox"
      aria-owns="downshift-0-menu"
      class="c3"
      role="combobox"
    >
      <input
        aria-autocomplete="list"
        aria-controls="downshift-0-menu"
        aria-labelledby="downshift-0-label"
        autocomplete="off"
        class="c4 c5"
        id="downshift-0-input"
        type="text"
        value=""
      />
      <button
        aria-label="toggle options"
        class="c6 c7"
        id="downshift-0-toggle-button"
        tabindex="-1"
        title="open"
        type="button"
      >
        <span
          class="c8"
        >
          <svg
            aria-hidden="true"
            class=""
            fill="currentColor"
            height="24px"
            viewBox="0 0 24 24"
            width="24px"
            xmlns="http://www.w3.org/2000/svg"
          >
            <path
              class=""
              clip-rule="evenodd"
              d="m7 9.5 5 5 5-5H7z"
              data-testid="eds-icon-path"
              fill-rule="evenodd"
              height="24"
            />
          </svg>
        </span>
      </button>
    </div>
    <ul
      aria-labelledby="downshift-0-label"
      class="c9 c10"
      id="downshift-0-menu"
      role="listbox"
    />
  </div>
</DocumentFragment>
`;
