// Jest Snapshot v1, https://goo.gl/fbAQLP

exports[`Popover Matches snapshot 1`] = `
.c0 {
  background: var(--eds_ui_background__default, rgba(255, 255, 255, 1));
  box-shadow: 0 1px 10px rgba(0, 0, 0, 0.2),0 4px 5px rgba(0, 0, 0, 0.12),0 2px 4px rgba(0, 0, 0, 0.14);
}

.c1 {
  position: relative;
  margin: 0;
  color: var(--eds_ui__accordion_header_color, rgba(61, 61, 61, 1));
  font-family: Equinor;
  font-size: 1.000rem;
  font-weight: 500;
  line-height: 1.500em;
  text-align: left;
  background: var(--eds_ui_background__default, rgba(255, 255, 255, 1));
  border-radius: 4px;
}

.c1:focus-visible {
  outline: 2px dashed var(--eds_interactive__focus, rgba(0, 112, 121, 1));
  outline-offset: 0px;
}

.c3 {
  position: absolute;
  width: 6px;
  height: 8px;
}

.c5 {
  display: grid;
  grid-gap: 16px;
  max-height: 80vh;
  width: max-content;
  max-width: 560px;
  overflow: auto;
}

.c4 {
  width: 6px;
  height: 8px;
  position: absolute;
  fill: var(--eds_ui_background__default, rgba(255, 255, 255, 1));
  filter: drop-shadow(-4px 0px 2px rgba(0,0,0,0.2));
}

.c2 {
  background: red;
}

<div
  class="c0 c1 c2"
  data-testid="popover"
>
  <div
    class="c3 arrow"
    style="top: -6px; transform: rotate(90deg); left: -1px;"
  >
    <svg
      class="c4 arrowSvg"
    >
      <path
        d="M0.504838 4.86885C-0.168399 4.48524 -0.168399 3.51476 0.504838 3.13115L6 8.59227e-08L6 8L0.504838 4.86885Z"
      />
    </svg>
  </div>
  <div
    class="c5"
  >
    <div>
      some random content
    </div>
  </div>
</div>
`;
